EL
BHF
PG
KHC
EVRG
BMY
PGR
KR
ES
AVGO
PLD
LB
RE
BR
LLL
PRU
EXC
BF.B
LH
PEG
EXPE
CHRW
LRCX
PSA
EXPD
CA
LEG
PHM
ESRX
COG
LEN
PVH
CDNS
EXR
LLY
QRVO
XOM
CPB
PWR
LNC
COF
FFIV
QCOM
LKQ
ALB
GM
CTXS
KORS
GPC
ARE
CLX
MCHP
GILD
ALGN
MU
CME
GPN
ALLE
MSFT
GS
CMS
AGN
MAA
GT
KO
MAC
CBS
REGN
FE
M
CELG
RF
FISV
MRO
CNC
RSG
FLT
MPC
CNP
RMD
FLIR
MAR
CTL
RHI
FLS
MHK
GWW
CTSH
LNT
TAP
HAL
CL
ALL
MDLZ
HBI
CMCSA
MNST
GOOGL
HOG
CMA
MCO
GOOG
HRS
CAG
MS
DG
ICE
NVDA
ANET
DLTR
IBM
ORLY
AJG
INCY
D
OXY
AIZ
IP
DOV
OMC
T
IPG
DWDP
ADSK
OKE
NTRS
ITW
DFS
AAPL
NOC
AMAT
ILMN
DISCA
NCLH
DISCK
APTV
IR
NRG
ADM
DISH
INTC
NUE
ARNC
ADS
ADBE
CERN
MMC
ROK
FLR
CF
MLM
COL
FMC
SCHW
ROL
MAS
FL
CHTR
ROP
MA
F
CVX
ROST
MAT
FTV
CRM
RCL
MKC
FBHS
SBAC
SCG
SLB
STX
SEE
CAH
FB
LMT
DGX
KMX
FAST
L
RJF
FRT
CCL
RTN
LOW
FDX
CAT
O
LYB
FIS
CBOE
RHT
MTB
CBRE
REG
FITB
SBUX
STT
SRCL
SYK
STI
SIVB
SYMC
SYF
SNPS
SYY
TROW
USB
UAA
UA
UNP
UAL
UNH
UPS
URI
UTX
UHS
UNM
TPR
TGT
TEL
FTI
TXN
TXT
TMO
TIF
TWTR
TJX
TMK
TSS
TSCO
TDG
TRV
TRIP
FOXA
SRE
SHW
SPG
SWKS
SLG
SNA
SO
LUV
SPGI
SWK
FOX
TSN
UDR
ULTA
TTWO
EW
PFE
BDX
JCI
EA
PCG
BRK.B
JPM
PM
EMR
BBY
JNPR
PSX
ETR
BIIB
KSU
PNW
EVHC
BLK
K
PXD
EOG
HRB
KEY
PNC
EQT
BA
KMB
RL
EFX
BKNG
KIM
PPG
EQIX
BWA
KMI
PPL
EQR
BXP
KLAC
PX
BSX
ESS
KSS
PFG
HOLX
NFX
CMI
AME
HD
NEM
CVS
AMGN
NWSA
HON
DHI
APH
NWS
HRL
DHR
APC
NEE
ADI
HST
DRI
NLSN
ANSS
HPQ
DVA
NKE
ANTM
HUM
DE
NI
AON
HBAN
DAL
NBL
AOS
HII
XRAY
JWN
IDXX
DVN
APA
NSC
INFO
DLR
AIV
IFF
ADP
DTE
ORCL
INTU
PCAR
DRE
ISRG
PKG
DUK
AZO
IVZ
PH
AVB
DXC
IPGP
AVY
PAYX
IQV
ETFC
BHGE
PYPL
IRM
EMN
BLL
PNR
JEC
ETN
BAC
PBCT
JBHT
EBAY
PEP
BK
JEF
ECL
PKI
BAX
SJM
EIX
PRGO
BBT
JNJ
ACN
MMM
ATVI
AAP
CMG
ABT
AES
ABMD
CB
ABBV
AET
BEN
CHD
AMD
FCX
AMG
CI
MCD
GPS
AFL
XEC
MCK
GRMN
A
CINF
MDT
APD
IT
CTAS
MRK
AKAM
GD
MET
CSCO
ALK
GE
MTD
C
ALXN
GIS
CFG
MGM
WELL
WDC
WU
WRK
WY
WHR
WMB
WLTW
WYNN
XEL
XRX
VLO
VAR
VTR
VRSN
VRSK
VZ
VRTX
VIAB
V
VNO
VMC
WMT
WBA
DIS
WM
YUM
ZBH
ZION
ZTS
WAT
WEC
WCG
WFC
XLNX
XYL
VFC
HIG
MO
CXO
MOS
AMZN
HAS
COP
MSI
AEE
HCA
ED
MSCI
AAL
HCP
STZ
MYL
AEP
HP
COO
NDAQ
AXP
HSIC
CPRT
NOV
AIG
HSY
GLW
NKTR
AMT
HES
COST
NTAP
AWK
HPE
COTY
NFLX
HLT
ABC
CCI
NWL
HFC
CSX
AMP
